Determining if the pthread_create exist failed with the following output:
Change Dir: /home/zxy/arm11_ws/build/CMakeFiles/CMakeTmp

Run Build Command:"/usr/bin/make" "cmTC_138a6/fast"
/usr/bin/make -f CMakeFiles/cmTC_138a6.dir/build.make CMakeFiles/cmTC_138a6.dir/build
make[1]: 进入目录“/home/zxy/arm11_ws/build/CMakeFiles/CMakeTmp”
Building C object CMakeFiles/cmTC_138a6.dir/CheckSymbolExists.c.o
/usr/bin/cc    -o CMakeFiles/cmTC_138a6.dir/CheckSymbolExists.c.o   -c /home/zxy/arm11_ws/build/CMakeFiles/CMakeTmp/CheckSymbolExists.c
Linking C executable cmTC_138a6
/usr/bin/cmake -E cmake_link_script CMakeFiles/cmTC_138a6.dir/link.txt --verbose=1
/usr/bin/cc      -rdynamic CMakeFiles/cmTC_138a6.dir/CheckSymbolExists.c.o  -o cmTC_138a6 
CMakeFiles/cmTC_138a6.dir/CheckSymbolExists.c.o：在函数‘main’中：
CheckSymbolExists.c:(.text+0x1b)：对‘pthread_create’未定义的引用
collect2: error: ld returned 1 exit status
CMakeFiles/cmTC_138a6.dir/build.make:97: recipe for target 'cmTC_138a6' failed
make[1]: *** [cmTC_138a6] Error 1
make[1]: 离开目录“/home/zxy/arm11_ws/build/CMakeFiles/CMakeTmp”
Makefile:126: recipe for target 'cmTC_138a6/fast' failed
make: *** [cmTC_138a6/fast] Error 2

File /home/zxy/arm11_ws/build/CMakeFiles/CMakeTmp/CheckSymbolExists.c:
/* */
#include <pthread.h>

int main(int argc, char** argv)
{
  (void)argv;
#ifndef pthread_create
  return ((int*)(&pthread_create))[argc];
#else
  (void)argc;
  return 0;
#endif
}

Determining if the function pthread_create exists in the pthreads failed with the following output:
Change Dir: /home/zxy/arm11_ws/build/CMakeFiles/CMakeTmp

Run Build Command:"/usr/bin/make" "cmTC_6aa3c/fast"
/usr/bin/make -f CMakeFiles/cmTC_6aa3c.dir/build.make CMakeFiles/cmTC_6aa3c.dir/build
make[1]: 进入目录“/home/zxy/arm11_ws/build/CMakeFiles/CMakeTmp”
Building C object CMakeFiles/cmTC_6aa3c.dir/CheckFunctionExists.c.o
/usr/bin/cc   -DCHECK_FUNCTION_EXISTS=pthread_create   -o CMakeFiles/cmTC_6aa3c.dir/CheckFunctionExists.c.o   -c /usr/share/cmake-3.10/Modules/CheckFunctionExists.c
Linking C executable cmTC_6aa3c
/usr/bin/cmake -E cmake_link_script CMakeFiles/cmTC_6aa3c.dir/link.txt --verbose=1
/usr/bin/cc  -DCHECK_FUNCTION_EXISTS=pthread_create    -rdynamic CMakeFiles/cmTC_6aa3c.dir/CheckFunctionExists.c.o  -o cmTC_6aa3c -lpthreads 
/usr/bin/ld: 找不到 -lpthreads
collect2: error: ld returned 1 exit status
CMakeFiles/cmTC_6aa3c.dir/build.make:97: recipe for target 'cmTC_6aa3c' failed
make[1]: *** [cmTC_6aa3c] Error 1
make[1]: 离开目录“/home/zxy/arm11_ws/build/CMakeFiles/CMakeTmp”
Makefile:126: recipe for target 'cmTC_6aa3c/fast' failed
make: *** [cmTC_6aa3c/fast] Error 2


